1i1a01l1)1D01G01901T1501C0001r001f1y1(1-01301O1U01"1I001N181E001F1x01z1M00000001o01e001m1c01n01s1h01u161
01g001b1,1v000001t1A101401200111.1P1q01J01700001d1p1S1w000001 000
numChar = 2206
