1h1m01s01r1o001T120131V1{1}01%1!01~1Z1Y000001q0010001S1(01)1x0001d01^1U01L01-01E1j01F1;0019001y01c001n1i0001v1
01w1:1R0171601'1X01z000001l01a01t1f1g01C1A1/1+001W1#1\01|1<0001501"0001P141G1_0001101k1B1]001[1H1Q1?01>01*0001M1N000000001 1p1.1,001u1J1	1K001I0181D01&1=01O0001b0001e0000
numChar = 56760
