1b1m01r01s1h1x1A1K1G1'00001(01101
1)1B1-00000001d1c01g1.1w001l001n1o0001a1H1M0151Y1V01;1<1R00000131[001v01]1C1z0012010001y1p0001i1t001 1f1k1401"160191W1F00001,001u1J1U01D1=01L1:0001I01O1Z01N1+1~001P001q01T001S180171/01E001	00001e0000
numChar = 14255
