1x1D1F01T001S1^01M180161P00001\1k1[01]1"13000001o01n1.191L01A01_1>1'001N1;001	0001d0001i1p101J1C001-01g0001a1w1+1B0151q0001y01f1(1)0000001u1:1E1/00141j1&00012001h01t01l1
1,01b1I1H01X1Y1Q001W01R01=000001m1c01s0001 111O1G1z01*1V01U1K00017001v001}1{001r01e0000
numChar = 24705
