1l1k01s1f001d1a01j1b1v01m1q1
001t1;01g1n0000000
numChar = 104
adsfasdfasdfjdfkajsdflkjas;dlfkjaskldfjlkasjdfkasdjfajsdkfjalsdkfjalskdfjlkasjdflbjblvljbavvvmngkqjtbmn
