1,2,10,11,3,2,1,33
55,100,99,45,23,84,14
1,2,10,11
3,2,1,33
1,2
10,11
1
2
10
11
3,2
1,33
3
2
1
33
55,100,99,45
23,84,14
55,100
99,45
55
100
99
45
23,84
14
23
84
