68,34,387,262,955,182,693,528,290,108,289,999,105,593,889,16,645,227,222,201,929,279,580,114,190,776,702,774,913,522,47,408,757,116,14,51,997,278,2,836,964,45,841,667,917,394,194,411,865,445,804,485,72,395,594,564,822,75,264,877,705,62,200,878,178,118,598,77,703,911,552,524,931,173,270,890,167,972,205,217,189,812,962,542,97,155,639,945,265,281,169,923,695,601,470,388,85,907,195,392,816,263,521,423,952,817,329,94,503,808,942,372,937,803,220,914,576,738,5,76,746,128,565,660,908,839,225,302,847,29,554,371,479,20,339,66,338,183,143,873,826,514,154,541,734,792,378,619,266,347,506,577,960,126,46,170,637,345,11,951,609,440,947,743,673,430,314,79,465,246,994,585,821,592,134,982,766,986,613,335,334,181,456,828,969,855
