tree1 is not contained in tree2
tree2 is not contained in tree1
tree1 and tree2 are not mutually contained.
