37 38 45 47 74 77 93 95 108 120 123 126 130 146 161 185 188 212 213 221 227 235 242 254 265 273 322 327 339 362 405 417 433 434 449 454 476 480 482 495 502 508 515 528 572 573 596 614 615 619 635 640 642 644 692 702 713 715 736 743 744 760 764 770 784 802 813 817 819 850 851 859 867 871 875 880 883 885 893 897 900 906 934 939 941 953 961 966 991 998 
11
