5 16 24 61 64 67 77 83 97 100 117 118 121 149 150 154 174 179 185 187 201 216 241 257 261 263 266 274 280 284 291 300 302 303 330 334 335 358 365 372 381 383 390 392 417 427 438 454 455 471 474 487 492 496 507 513 521 525 536 541 543 550 558 560 564 568 569 570 577 580 583 585 596 601 602 607 614 621 623 624 641 654 656 670 691 707 718 719 722 731 737 742 745 751 752 755 774 793 799 800 812 834 839 840 856 859 870 878 901 909 915 926 933 937 943 949 951 983 991 1000 
7
