6 20 21 28 29 70 76 78 79 87 90 92 93 99 102 103 108 113 116 124 126 139 140 141 146 158 171 175 176 178 180 182 186 194 197 206 220 221 229 231 245 253 264 270 271 273 277 285 286 295 297 298 303 313 329 330 340 343 347 358 362 394 405 408 416 420 422 423 425 426 451 459 461 463 464 471 484 487 488 493 497 500 501 508 513 530 535 550 551 553 559 562 563 576 578 584 589 592 593 596 613 624 638 643 647 651 667 673 681 684 704 710 714 715 725 733 744 745 753 755 762 764 770 776 801 810 815 823 831 833 834 844 849 862 888 889 893 909 910 945 960 969 971 978 982 985 986 997 998 1000 
7
