4 19 24 40 44 51 52 54 56 61 68 70 74 86 90 95 96 101 103 104 105 108 115 121 122 124 133 134 135 142 154 161 164 165 166 175 178 182 187 197 204 205 211 214 224 229 230 239 247 252 257 260 262 263 266 272 274 279 284 288 289 309 314 317 318 319 322 329 330 331 336 344 347 349 364 373 374 375 382 383 387 400 401 402 406 410 412 414 417 421 424 430 431 440 442 452 460 466 469 470 472 475 479 491 492 494 497 499 506 516 517 523 531 535 536 540 553 554 556 563 569 571 576 590 592 598 605 611 615 617 629 635 638 641 642 644 658 659 664 668 675 685 690 700 711 712 713 714 721 722 734 736 738 751 760 765 766 774 778 803 813 824 825 828 850 861 874 879 891 892 895 905 917 920 926 946 952 955 958 959 961 962 965 966 969 973 974 981 989 992 
5
