8 21 31 44 65 74 80 82 83 89 101 102 107 113 114 125 135 142 147 165 178 181 204 213 225 226 227 228 248 265 279 298 301 308 325 335 342 346 351 365 370 383 407 431 436 447 448 456 458 463 465 472 474 487 492 498 503 506 514 524 526 528 549 570 573 583 590 594 609 612 620 621 628 636 651 654 657 659 671 673 675 683 689 693 702 709 714 721 731 737 739 749 758 764 772 773 798 803 805 816 825 826 832 841 842 845 852 860 862 878 883 885 890 899 901 910 915 920 928 935 939 942 954 966 969 977 983 987 990 997 
7
