15 24 42 59 65 79 92 100 106 118 135 158 181 240 256 258 279 293 301 304 330 338 345 365 374 388 392 395 404 436 469 482 488 514 520 527 530 533 540 563 585 610 614 627 629 640 653 670 679 681 691 705 715 731 739 744 772 776 784 788 793 798 803 880 919 920 932 941 956 967 
4
