2 3 29 30 35 44 45 52 58 59 73 78 79 89 95 99 103 105 106 109 111 119 124 126 135 138 159 163 181 196 199 201 219 225 237 253 268 282 308 310 316 319 323 337 349 351 354 362 363 368 376 389 391 395 397 398 402 422 444 445 454 469 473 498 511 513 516 527 529 536 539 545 550 551 558 586 587 591 592 597 606 609 610 616 618 621 622 628 629 632 637 647 649 650 651 656 662 669 676 686 704 708 712 720 737 742 747 751 752 781 788 795 815 819 829 830 837 845 847 859 872 874 876 881 882 885 901 910 915 916 923 924 935 938 948 949 955 957 960 997 
10
