5 12 16 21 22 23 26 30 39 44 49 50 59 64 73 79 86 97 100 111 115 123 125 130 139 140 156 157 169 174 177 181 188 199 214 216 223 224 241 247 262 263 264 265 269 270 271 272 282 285 291 293 299 310 317 324 326 331 342 343 349 351 353 365 371 373 381 386 397 405 406 414 415 418 423 427 438 440 444 445 449 456 474 475 476 499 507 518 520 533 538 546 570 577 583 607 608 611 623 630 634 636 641 642 654 655 676 679 690 704 711 714 719 724 726 729 753 755 757 767 774 777 785 789 791 795 798 801 803 809 811 813 818 821 824 826 827 833 835 836 844 849 877 879 883 885 886 887 888 893 896 907 920 940 944 959 962 975 993 999 
11
