38 65 67 69 77 78 85 89 90 103 115 128 134 156 168 177 182 184 187 197 203 227 236 252 265 277 279 299 310 323 354 359 378 386 401 407 412 421 424 468 485 491 506 513 538 555 560 577 596 605 615 624 644 647 656 657 696 697 719 727 760 767 789 806 825 833 840 842 845 846 891 902 904 908 919 928 933 934 989 996 
7
