5 13 14 15 28 29 31 34 41 45 49 61 90 111 133 136 137 139 152 153 155 157 161 164 173 177 184 204 220 241 242 252 290 294 308 317 322 328 333 346 355 383 395 401 405 424 426 433 500 503 504 512 523 540 543 547 549 552 583 586 589 590 599 600 608 609 611 612 622 643 644 650 684 698 701 709 752 766 778 784 786 791 795 798 799 830 831 837 843 847 860 869 881 884 886 895 906 919 925 927 939 944 945 947 948 951 982 987 991 994 
11
