4 6 10 31 37 38 43 46 57 66 69 70 72 75 77 80 83 86 87 90 94 102 108 111 121 128 129 131 132 142 153 159 168 190 191 197 199 200 201 203 208 210 219 221 223 225 241 245 252 253 259 263 280 282 296 298 299 313 324 332 336 348 353 358 360 374 387 392 393 394 397 401 417 418 456 457 461 474 475 482 485 486 487 497 501 502 512 525 537 560 565 573 576 577 588 589 591 592 594 598 613 615 616 635 644 649 650 658 659 660 669 690 698 701 707 711 712 721 723 726 730 731 737 762 772 773 785 787 799 802 807 810 824 831 832 834 842 849 852 858 861 867 868 873 876 877 882 885 892 895 902 908 911 914 923 927 928 929 930 936 939 944 958 962 966 972 974 988 991 998 
4
