2 9 23 36 48 49 54 57 61 64 78 81 88 91 93 103 104 105 109 122 136 137 200 213 223 251 257 263 281 290 296 314 322 328 330 336 347 357 360 367 372 390 420 432 433 440 445 466 475 481 488 489 503 521 530 548 557 560 589 598 603 612 634 639 646 654 657 658 695 701 703 706 717 731 765 781 785 838 845 861 867 870 871 880 888 889 891 895 906 908 917 929 936 945 949 953 957 982 983 992 
6
