7 26 62 124 169 265 374 575 576 623 660 663 678 694 721 723 761 791 804 959 
3
