3 39 51 56 68 70 104 110 111 117 123 125 135 136 143 166 185 190 198 199 249 298 300 309 358 360 396 413 428 446 464 468 501 518 526 545 555 558 605 608 637 639 640 647 673 678 724 731 744 752 760 794 800 818 834 862 899 901 925 950 
6
