8 10 15 17 30 31 34 42 45 52 57 66 70 74 77 81 88 90 91 94 101 112 117 127 129 151 161 165 166 168 176 183 186 192 194 197 203 216 218 222 224 228 231 236 239 243 244 247 256 260 268 274 277 281 284 286 291 296 298 303 308 310 318 326 328 341 344 358 359 378 383 385 388 390 399 404 413 419 422 425 428 432 436 451 456 460 465 471 481 483 508 519 520 530 533 534 535 536 542 544 546 551 552 562 564 570 575 577 584 587 589 597 598 600 617 631 632 634 642 643 644 645 651 658 660 664 669 684 699 712 715 716 720 725 737 738 745 754 760 761 762 776 781 794 796 800 803 804 808 812 816 817 820 822 829 831 842 847 875 878 885 886 896 922 924 927 934 936 938 942 943 960 961 964 969 974 978 985 989 996 
9
