4 17 21 31 39 43 44 49 50 59 66 73 74 77 82 85 95 103 107 108 112 118 122 129 130 136 144 147 156 166 167 172 174 175 176 180 187 189 195 199 202 205 213 216 223 227 232 238 247 251 268 272 279 280 281 297 301 304 306 310 311 316 329 331 333 344 349 364 374 379 383 384 389 390 393 396 412 413 417 418 423 427 428 431 437 438 445 448 463 468 476 478 482 485 487 493 495 500 508 517 524 526 527 532 533 539 541 546 548 553 557 558 559 576 579 589 590 594 602 610 612 617 632 634 635 641 644 647 661 670 675 686 688 694 695 698 704 706 716 735 752 753 754 758 761 775 776 777 779 782 783 785 786 795 796 797 801 821 823 824 825 828 831 832 833 837 850 851 866 877 881 884 885 888 893 901 911 913 914 920 932 935 937 939 940 945 947 956 957 958 962 965 967 972 978 991 992 994 995 998 
14
