16 28 43 69 71 113 123 162 168 185 206 217 222 235 263 267 276 279 306 323 336 345 398 404 460 494 504 529 530 568 574 579 593 598 622 657 670 671 693 730 731 778 785 791 894 901 948 979 984 998 
3
