31 50 77 104 164 314 343 347 359 430 443 452 454 458 462 516 525 554 572 596 609 620 709 740 768 850 908 931 949 969 
4
