2 75 76 77 91 103 170 174 234 342 370 434 480 494 501 537 564 605 613 627 639 644 679 694 700 703 714 728 768 816 846 883 888 891 916 931 940 951 982 993 
6
